src/renderer/src/App.tsx(18,17): error TS2503: Cannot find namespace 'JSX'.
src/renderer/src/modules/mevzuat/components/MevzuatWebview.tsx(14,17): error TS2322: Type 'string' is not assignable to type 'boolean | undefined'.
src/renderer/src/modules/personel_harcama/views/HarcamaListesi.tsx(2,80): error TS6133: 'CheckCircle2' is declared but its value is never read.
src/renderer/src/modules/personel_harcama/views/HarcamaListesi.tsx(2,133): error TS6133: 'X' is declared but its value is never read.
src/renderer/src/modules/personel_harcama/views/HarcamaListesi.tsx(205,47): error TS2552: Cannot find name 'CheckCircle'. Did you mean 'CheckCircle2'?
